// 重构日志: 364e8142
// 重构日志: 99147000
// 重构日志: b4b6f357
// 重构日志: 8f2bdd24
// 重构日志: bc98ae7e
// 重构日志: 958a4ae2
// 重构日志: f821f1a2
// 重构日志: d33976e7
// 重构日志: 4ad9c932
// 重构日志: 6f6f8b2c
// 重构日志: d5298f43
// 重构日志: 43295490
// 重构日志: d92b9d92
// 重构日志: 4c52ba2c
// 同步 ID: db30bb67 @ Sat Aug  1 05:56:39 UTC 2026
// 同步 ID: 93ba4285 @ Sat Aug  1 11:50:58 UTC 2026
// 同步 ID: c3d229a5 @ Sun Aug  2 05:04:24 UTC 2026
// 重构日志: b814846c
// 重构日志: db532e28
// 同步 ID: 8833010f @ Wed Aug  5 02:08:44 UTC 2026
// 同步 ID: 88f269b8 @ Wed Aug  5 05:00:57 UTC 2026
// 重构日志: 75880d58
// 同步 ID: 18749969 @ Thu Aug  6 13:11:25 UTC 2026
// 同步 ID: ef4c03d8 @ Fri Aug  7 10:35:21 UTC 2026
// 同步 ID: e6c915cd @ Fri Aug  7 11:00:27 UTC 2026
// 重构日志: 2704f17f
// 重构日志: debab765
// 重构日志: 357a15f9
// 同步 ID: b9c55556 @ Sat Aug  8 00:35:40 UTC 2026
// 同步 ID: 677b53f7 @ Sat Aug  8 05:56:10 UTC 2026
